MPLINK 5.08, LINKER
Linker Map File - Created Fri Sep 18 20:32:22 2015

                                 Section Info
                  Section       Type    Address   Location Size(Bytes)
                ---------  ---------  ---------  ---------  ---------
                   .org_0       code   0x000000    program   0x000016
                   .cinit    romdata   0x00000b    program   0x000004
.config_2007_BUILD/DEFAULT/PRODUCTION/P07.O       code   0x002007    program   0x000002



                              Program Memory Usage 
                               Start         End      
                           ---------   ---------      
                            0x000000    0x00000c      
                            0x002007    0x002007      
            14 out of 8454 program addresses used, program memory utilization is 0%



                              Symbols - Sorted by Name
                     Name    Address   Location    Storage File                     
                ---------  ---------  ---------  --------- ---------                
                     ANTI   0x000007    program     static /home/piero/Repositorios/Propios/Assembler/P07.X/P07.asm
                    BOTON   0x000005    program     static /home/piero/Repositorios/Propios/Assembler/P07.X/P07.asm
                   INICIO   0x000000    program     static /home/piero/Repositorios/Propios/Assembler/P07.X/P07.asm



                              Symbols - Sorted by Address
                     Name    Address   Location    Storage File                     
                ---------  ---------  ---------  --------- ---------                
                   INICIO   0x000000    program     static /home/piero/Repositorios/Propios/Assembler/P07.X/P07.asm
                    BOTON   0x000005    program     static /home/piero/Repositorios/Propios/Assembler/P07.X/P07.asm
                     ANTI   0x000007    program     static /home/piero/Repositorios/Propios/Assembler/P07.X/P07.asm


