MPLINK 5.08, LINKER
Linker Map File - Created Tue Oct 20 18:04:24 2015

                                 Section Info
                  Section       Type    Address   Location Size(Bytes)
                ---------  ---------  ---------  ---------  ---------
                   .org_0       code   0x000000    program   0x000002
                   .cinit    romdata   0x000001    program   0x000004
                   .org_1       code   0x000004    program   0x000092
.config_2007_BUILD/DEFAULT/PRODUCTION/EP2.O       code   0x002007    program   0x000002



                              Program Memory Usage 
                               Start         End      
                           ---------   ---------      
                            0x000000    0x000002      
                            0x000004    0x00004c      
                            0x002007    0x002007      
            77 out of 8454 program addresses used, program memory utilization is 0%



                              Symbols - Sorted by Name
                     Name    Address   Location    Storage File                     
                ---------  ---------  ---------  --------- ---------                
                   APAGAR   0x00004a    program     static /home/piero/Repositorios/Propios/Assembler/EP2.X/EP2.asm
                    BAJAR   0x00002b    program     static /home/piero/Repositorios/Propios/Assembler/EP2.X/EP2.asm
                      DER   0x00002f    program     static /home/piero/Repositorios/Propios/Assembler/EP2.X/EP2.asm
                   INICIO   0x000005    program     static /home/piero/Repositorios/Propios/Assembler/EP2.X/EP2.asm
                      INT   0x000034    program     static /home/piero/Repositorios/Propios/Assembler/EP2.X/EP2.asm
                      IZQ   0x000022    program     static /home/piero/Repositorios/Propios/Assembler/EP2.X/EP2.asm
                     PRIN   0x000017    program     static /home/piero/Repositorios/Propios/Assembler/EP2.X/EP2.asm
                      REP   0x000019    program     static /home/piero/Repositorios/Propios/Assembler/EP2.X/EP2.asm
                    SUBIR   0x000027    program     static /home/piero/Repositorios/Propios/Assembler/EP2.X/EP2.asm
                   TABLA1   0x000039    program     static /home/piero/Repositorios/Propios/Assembler/EP2.X/EP2.asm



                              Symbols - Sorted by Address
                     Name    Address   Location    Storage File                     
                ---------  ---------  ---------  --------- ---------                
                   INICIO   0x000005    program     static /home/piero/Repositorios/Propios/Assembler/EP2.X/EP2.asm
                     PRIN   0x000017    program     static /home/piero/Repositorios/Propios/Assembler/EP2.X/EP2.asm
                      REP   0x000019    program     static /home/piero/Repositorios/Propios/Assembler/EP2.X/EP2.asm
                      IZQ   0x000022    program     static /home/piero/Repositorios/Propios/Assembler/EP2.X/EP2.asm
                    SUBIR   0x000027    program     static /home/piero/Repositorios/Propios/Assembler/EP2.X/EP2.asm
                    BAJAR   0x00002b    program     static /home/piero/Repositorios/Propios/Assembler/EP2.X/EP2.asm
                      DER   0x00002f    program     static /home/piero/Repositorios/Propios/Assembler/EP2.X/EP2.asm
                      INT   0x000034    program     static /home/piero/Repositorios/Propios/Assembler/EP2.X/EP2.asm
                   TABLA1   0x000039    program     static /home/piero/Repositorios/Propios/Assembler/EP2.X/EP2.asm
                   APAGAR   0x00004a    program     static /home/piero/Repositorios/Propios/Assembler/EP2.X/EP2.asm


