MPLINK 5.08, LINKER
Linker Map File - Created Wed Oct 21 21:04:39 2015

                                 Section Info
                  Section       Type    Address   Location Size(Bytes)
                ---------  ---------  ---------  ---------  ---------
                   .org_0       code   0x000000    program   0x000002
                   .cinit    romdata   0x000001    program   0x000004
                   .org_1       code   0x000004    program   0x00017a
.config_2007_BUILD/DEFAULT/PRODUCTION/EP3.O       code   0x002007    program   0x000002



                              Program Memory Usage 
                               Start         End      
                           ---------   ---------      
                            0x000000    0x000002      
                            0x000004    0x0000c0      
                            0x002007    0x002007      
            193 out of 8454 program addresses used, program memory utilization is 2%



                              Symbols - Sorted by Name
                     Name    Address   Location    Storage File                     
                ---------  ---------  ---------  --------- ---------                
                    AGAIN   0x000046    program     static /home/piero/Repositorios/Propios/Assembler/EP3.X/EP3.asm
                   APAGAR   0x0000b2    program     static /home/piero/Repositorios/Propios/Assembler/EP3.X/EP3.asm
                    BAJAR   0x000092    program     static /home/piero/Repositorios/Propios/Assembler/EP3.X/EP3.asm
                      CLR   0x000040    program     static /home/piero/Repositorios/Propios/Assembler/EP3.X/EP3.asm
                    DELAY   0x0000b5    program     static /home/piero/Repositorios/Propios/Assembler/EP3.X/EP3.asm
                   DELAY1   0x0000b7    program     static /home/piero/Repositorios/Propios/Assembler/EP3.X/EP3.asm
                   DELAY2   0x0000b8    program     static /home/piero/Repositorios/Propios/Assembler/EP3.X/EP3.asm
                      DER   0x000054    program     static /home/piero/Repositorios/Propios/Assembler/EP3.X/EP3.asm
                    ERASE   0x000070    program     static /home/piero/Repositorios/Propios/Assembler/EP3.X/EP3.asm
                   ERASE1   0x000075    program     static /home/piero/Repositorios/Propios/Assembler/EP3.X/EP3.asm
                   ESCRIB   0x000059    program     static /home/piero/Repositorios/Propios/Assembler/EP3.X/EP3.asm
                  ESCRIB1   0x00005e    program     static /home/piero/Repositorios/Propios/Assembler/EP3.X/EP3.asm
                   INICIO   0x000005    program     static /home/piero/Repositorios/Propios/Assembler/EP3.X/EP3.asm
                      INT   0x000098    program     static /home/piero/Repositorios/Propios/Assembler/EP3.X/EP3.asm
                      IZQ   0x000087    program     static /home/piero/Repositorios/Propios/Assembler/EP3.X/EP3.asm
                     PRIN   0x000014    program     static /home/piero/Repositorios/Propios/Assembler/EP3.X/EP3.asm
                    PRIN1   0x00001b    program     static /home/piero/Repositorios/Propios/Assembler/EP3.X/EP3.asm
                      REP   0x000031    program     static /home/piero/Repositorios/Propios/Assembler/EP3.X/EP3.asm
                    SUBIR   0x00008c    program     static /home/piero/Repositorios/Propios/Assembler/EP3.X/EP3.asm
                   TABLA1   0x0000a1    program     static /home/piero/Repositorios/Propios/Assembler/EP3.X/EP3.asm



                              Symbols - Sorted by Address
                     Name    Address   Location    Storage File                     
                ---------  ---------  ---------  --------- ---------                
                   INICIO   0x000005    program     static /home/piero/Repositorios/Propios/Assembler/EP3.X/EP3.asm
                     PRIN   0x000014    program     static /home/piero/Repositorios/Propios/Assembler/EP3.X/EP3.asm
                    PRIN1   0x00001b    program     static /home/piero/Repositorios/Propios/Assembler/EP3.X/EP3.asm
                      REP   0x000031    program     static /home/piero/Repositorios/Propios/Assembler/EP3.X/EP3.asm
                      CLR   0x000040    program     static /home/piero/Repositorios/Propios/Assembler/EP3.X/EP3.asm
                    AGAIN   0x000046    program     static /home/piero/Repositorios/Propios/Assembler/EP3.X/EP3.asm
                      DER   0x000054    program     static /home/piero/Repositorios/Propios/Assembler/EP3.X/EP3.asm
                   ESCRIB   0x000059    program     static /home/piero/Repositorios/Propios/Assembler/EP3.X/EP3.asm
                  ESCRIB1   0x00005e    program     static /home/piero/Repositorios/Propios/Assembler/EP3.X/EP3.asm
                    ERASE   0x000070    program     static /home/piero/Repositorios/Propios/Assembler/EP3.X/EP3.asm
                   ERASE1   0x000075    program     static /home/piero/Repositorios/Propios/Assembler/EP3.X/EP3.asm
                      IZQ   0x000087    program     static /home/piero/Repositorios/Propios/Assembler/EP3.X/EP3.asm
                    SUBIR   0x00008c    program     static /home/piero/Repositorios/Propios/Assembler/EP3.X/EP3.asm
                    BAJAR   0x000092    program     static /home/piero/Repositorios/Propios/Assembler/EP3.X/EP3.asm
                      INT   0x000098    program     static /home/piero/Repositorios/Propios/Assembler/EP3.X/EP3.asm
                   TABLA1   0x0000a1    program     static /home/piero/Repositorios/Propios/Assembler/EP3.X/EP3.asm
                   APAGAR   0x0000b2    program     static /home/piero/Repositorios/Propios/Assembler/EP3.X/EP3.asm
                    DELAY   0x0000b5    program     static /home/piero/Repositorios/Propios/Assembler/EP3.X/EP3.asm
                   DELAY1   0x0000b7    program     static /home/piero/Repositorios/Propios/Assembler/EP3.X/EP3.asm
                   DELAY2   0x0000b8    program     static /home/piero/Repositorios/Propios/Assembler/EP3.X/EP3.asm


