MPLINK 5.08, LINKER
Linker Map File - Created Tue Oct 20 17:39:08 2015

                                 Section Info
                  Section       Type    Address   Location Size(Bytes)
                ---------  ---------  ---------  ---------  ---------
                   .org_0       code   0x000000    program   0x000002
                   .cinit    romdata   0x000001    program   0x000004
                   .org_1       code   0x000004    program   0x0000dc
.config_2007_BUILD/DEFAULT/PRODUCTION/EP3.O       code   0x002007    program   0x000002



                              Program Memory Usage 
                               Start         End      
                           ---------   ---------      
                            0x000000    0x000002      
                            0x000004    0x000071      
                            0x002007    0x002007      
            114 out of 8454 program addresses used, program memory utilization is 1%



                              Symbols - Sorted by Name
                     Name    Address   Location    Storage File                     
                ---------  ---------  ---------  --------- ---------                
                   APAGAR   0x000063    program     static /home/piero/Repositorios/Propios/Assembler/EP3.X/EP3.asm
                    BAJAR   0x00003f    program     static /home/piero/Repositorios/Propios/Assembler/EP3.X/EP3.asm
                    CLEAR   0x000044    program     static /home/piero/Repositorios/Propios/Assembler/EP3.X/EP3.asm
                    DELAY   0x000066    program     static /home/piero/Repositorios/Propios/Assembler/EP3.X/EP3.asm
                   DELAY1   0x000068    program     static /home/piero/Repositorios/Propios/Assembler/EP3.X/EP3.asm
                   DELAY2   0x000069    program     static /home/piero/Repositorios/Propios/Assembler/EP3.X/EP3.asm
                      DER   0x000046    program     static /home/piero/Repositorios/Propios/Assembler/EP3.X/EP3.asm
                   ESCRIB   0x00002f    program     static /home/piero/Repositorios/Propios/Assembler/EP3.X/EP3.asm
                   INICIO   0x000005    program     static /home/piero/Repositorios/Propios/Assembler/EP3.X/EP3.asm
                      INT   0x00004a    program     static /home/piero/Repositorios/Propios/Assembler/EP3.X/EP3.asm
                      IZQ   0x000036    program     static /home/piero/Repositorios/Propios/Assembler/EP3.X/EP3.asm
                     PRIN   0x000018    program     static /home/piero/Repositorios/Propios/Assembler/EP3.X/EP3.asm
                      REP   0x000020    program     static /home/piero/Repositorios/Propios/Assembler/EP3.X/EP3.asm
                    SUBIR   0x00003a    program     static /home/piero/Repositorios/Propios/Assembler/EP3.X/EP3.asm
                   TABLA1   0x000052    program     static /home/piero/Repositorios/Propios/Assembler/EP3.X/EP3.asm



                              Symbols - Sorted by Address
                     Name    Address   Location    Storage File                     
                ---------  ---------  ---------  --------- ---------                
                   INICIO   0x000005    program     static /home/piero/Repositorios/Propios/Assembler/EP3.X/EP3.asm
                     PRIN   0x000018    program     static /home/piero/Repositorios/Propios/Assembler/EP3.X/EP3.asm
                      REP   0x000020    program     static /home/piero/Repositorios/Propios/Assembler/EP3.X/EP3.asm
                   ESCRIB   0x00002f    program     static /home/piero/Repositorios/Propios/Assembler/EP3.X/EP3.asm
                      IZQ   0x000036    program     static /home/piero/Repositorios/Propios/Assembler/EP3.X/EP3.asm
                    SUBIR   0x00003a    program     static /home/piero/Repositorios/Propios/Assembler/EP3.X/EP3.asm
                    BAJAR   0x00003f    program     static /home/piero/Repositorios/Propios/Assembler/EP3.X/EP3.asm
                    CLEAR   0x000044    program     static /home/piero/Repositorios/Propios/Assembler/EP3.X/EP3.asm
                      DER   0x000046    program     static /home/piero/Repositorios/Propios/Assembler/EP3.X/EP3.asm
                      INT   0x00004a    program     static /home/piero/Repositorios/Propios/Assembler/EP3.X/EP3.asm
                   TABLA1   0x000052    program     static /home/piero/Repositorios/Propios/Assembler/EP3.X/EP3.asm
                   APAGAR   0x000063    program     static /home/piero/Repositorios/Propios/Assembler/EP3.X/EP3.asm
                    DELAY   0x000066    program     static /home/piero/Repositorios/Propios/Assembler/EP3.X/EP3.asm
                   DELAY1   0x000068    program     static /home/piero/Repositorios/Propios/Assembler/EP3.X/EP3.asm
                   DELAY2   0x000069    program     static /home/piero/Repositorios/Propios/Assembler/EP3.X/EP3.asm


