MPLINK 5.08, LINKER
Linker Map File - Created Wed Sep 16 18:25:02 2015

                                 Section Info
                  Section       Type    Address   Location Size(Bytes)
                ---------  ---------  ---------  ---------  ---------
                   .org_0       code   0x000000    program   0x000028
                   .cinit    romdata   0x000014    program   0x000004
.config_2007_BUILD/DEFAULT/PRODUCTION/P01A.O       code   0x002007    program   0x000002



                              Program Memory Usage 
                               Start         End      
                           ---------   ---------      
                            0x000000    0x000015      
                            0x002007    0x002007      
            23 out of 8454 program addresses used, program memory utilization is 0%



                              Symbols - Sorted by Name
                     Name    Address   Location    Storage File                     
                ---------  ---------  ---------  --------- ---------                
                    DELAY   0x000008    program     static /home/piero/Repositorios/Propios/Assembler/P01A.X/P01A.asm
                   DELAY1   0x00000a    program     static /home/piero/Repositorios/Propios/Assembler/P01A.X/P01A.asm
                   DELAY2   0x00000b    program     static /home/piero/Repositorios/Propios/Assembler/P01A.X/P01A.asm
                   VOLVER   0x000005    program     static /home/piero/Repositorios/Propios/Assembler/P01A.X/P01A.asm



                              Symbols - Sorted by Address
                     Name    Address   Location    Storage File                     
                ---------  ---------  ---------  --------- ---------                
                   VOLVER   0x000005    program     static /home/piero/Repositorios/Propios/Assembler/P01A.X/P01A.asm
                    DELAY   0x000008    program     static /home/piero/Repositorios/Propios/Assembler/P01A.X/P01A.asm
                   DELAY1   0x00000a    program     static /home/piero/Repositorios/Propios/Assembler/P01A.X/P01A.asm
                   DELAY2   0x00000b    program     static /home/piero/Repositorios/Propios/Assembler/P01A.X/P01A.asm


