MPLINK 5.08, LINKER
Linker Map File - Created Tue Oct 20 16:24:47 2015

                                 Section Info
                  Section       Type    Address   Location Size(Bytes)
                ---------  ---------  ---------  ---------  ---------
                   .org_0       code   0x000000    program   0x00005e
                   .cinit    romdata   0x00002f    program   0x000004
.config_2007_BUILD/DEFAULT/PRODUCTION/EP1.O       code   0x002007    program   0x000002



                              Program Memory Usage 
                               Start         End      
                           ---------   ---------      
                            0x000000    0x000030      
                            0x002007    0x002007      
            50 out of 8454 program addresses used, program memory utilization is 0%



                              Symbols - Sorted by Name
                     Name    Address   Location    Storage File                     
                ---------  ---------  ---------  --------- ---------                
                   APAGAR   0x00002c    program     static /home/piero/Repositorios/Propios/Assembler/EP1.X/EP1.asm
                       IN   0x00001e    program     static /home/piero/Repositorios/Propios/Assembler/EP1.X/EP1.asm
                   INICIO   0x000009    program     static /home/piero/Repositorios/Propios/Assembler/EP1.X/EP1.asm
                    ROTAR   0x00001d    program     static /home/piero/Repositorios/Propios/Assembler/EP1.X/EP1.asm
                   TABLA1   0x000023    program     static /home/piero/Repositorios/Propios/Assembler/EP1.X/EP1.asm



                              Symbols - Sorted by Address
                     Name    Address   Location    Storage File                     
                ---------  ---------  ---------  --------- ---------                
                   INICIO   0x000009    program     static /home/piero/Repositorios/Propios/Assembler/EP1.X/EP1.asm
                    ROTAR   0x00001d    program     static /home/piero/Repositorios/Propios/Assembler/EP1.X/EP1.asm
                       IN   0x00001e    program     static /home/piero/Repositorios/Propios/Assembler/EP1.X/EP1.asm
                   TABLA1   0x000023    program     static /home/piero/Repositorios/Propios/Assembler/EP1.X/EP1.asm
                   APAGAR   0x00002c    program     static /home/piero/Repositorios/Propios/Assembler/EP1.X/EP1.asm


