MPLINK 5.08, LINKER
Linker Map File - Created Wed Sep 16 18:29:32 2015

                                 Section Info
                  Section       Type    Address   Location Size(Bytes)
                ---------  ---------  ---------  ---------  ---------
                   .org_0       code   0x000000    program   0x000042
                   .cinit    romdata   0x000021    program   0x000004
.config_2007_BUILD/DEFAULT/PRODUCTION/P01C.O       code   0x002007    program   0x000002



                              Program Memory Usage 
                               Start         End      
                           ---------   ---------      
                            0x000000    0x000022      
                            0x002007    0x002007      
            36 out of 8454 program addresses used, program memory utilization is 0%



                              Symbols - Sorted by Name
                     Name    Address   Location    Storage File                     
                ---------  ---------  ---------  --------- ---------                
                    DELAY   0x000015    program     static /home/piero/Repositorios/Propios/Assembler/P01C.X/P01C.asm
                   DELAY1   0x000017    program     static /home/piero/Repositorios/Propios/Assembler/P01C.X/P01C.asm
                   DELAY2   0x000018    program     static /home/piero/Repositorios/Propios/Assembler/P01C.X/P01C.asm
                   REPITE   0x000004    program     static /home/piero/Repositorios/Propios/Assembler/P01C.X/P01C.asm
                  VOLVER1   0x000007    program     static /home/piero/Repositorios/Propios/Assembler/P01C.X/P01C.asm
                  VOLVER2   0x00000f    program     static /home/piero/Repositorios/Propios/Assembler/P01C.X/P01C.asm



                              Symbols - Sorted by Address
                     Name    Address   Location    Storage File                     
                ---------  ---------  ---------  --------- ---------                
                   REPITE   0x000004    program     static /home/piero/Repositorios/Propios/Assembler/P01C.X/P01C.asm
                  VOLVER1   0x000007    program     static /home/piero/Repositorios/Propios/Assembler/P01C.X/P01C.asm
                  VOLVER2   0x00000f    program     static /home/piero/Repositorios/Propios/Assembler/P01C.X/P01C.asm
                    DELAY   0x000015    program     static /home/piero/Repositorios/Propios/Assembler/P01C.X/P01C.asm
                   DELAY1   0x000017    program     static /home/piero/Repositorios/Propios/Assembler/P01C.X/P01C.asm
                   DELAY2   0x000018    program     static /home/piero/Repositorios/Propios/Assembler/P01C.X/P01C.asm


