MPLINK 5.08, LINKER
Linker Map File - Created Fri Sep 18 21:17:20 2015

                                 Section Info
                  Section       Type    Address   Location Size(Bytes)
                ---------  ---------  ---------  ---------  ---------
                   .org_0       code   0x000000    program   0x000018
                   .cinit    romdata   0x00000c    program   0x000004
.config_2007_BUILD/DEFAULT/PRODUCTION/P07B2B.       code   0x002007    program   0x000002



                              Program Memory Usage 
                               Start         End      
                           ---------   ---------      
                            0x000000    0x00000d      
                            0x002007    0x002007      
            15 out of 8454 program addresses used, program memory utilization is 0%



                              Symbols - Sorted by Name
                     Name    Address   Location    Storage File                     
                ---------  ---------  ---------  --------- ---------                
                     ANTI   0x000008    program     static /home/piero/Repositorios/Propios/Assembler/P07B2B.X/P07B2B.asm
                    BOTON   0x000006    program     static /home/piero/Repositorios/Propios/Assembler/P07B2B.X/P07B2B.asm
                   INICIO   0x000000    program     static /home/piero/Repositorios/Propios/Assembler/P07B2B.X/P07B2B.asm



                              Symbols - Sorted by Address
                     Name    Address   Location    Storage File                     
                ---------  ---------  ---------  --------- ---------                
                   INICIO   0x000000    program     static /home/piero/Repositorios/Propios/Assembler/P07B2B.X/P07B2B.asm
                    BOTON   0x000006    program     static /home/piero/Repositorios/Propios/Assembler/P07B2B.X/P07B2B.asm
                     ANTI   0x000008    program     static /home/piero/Repositorios/Propios/Assembler/P07B2B.X/P07B2B.asm


