MPLINK 5.08, LINKER
Linker Map File - Created Fri Sep 25 10:52:00 2015

                                 Section Info
                  Section       Type    Address   Location Size(Bytes)
                ---------  ---------  ---------  ---------  ---------
                   .org_0       code   0x000000    program   0x000052
                   .cinit    romdata   0x000029    program   0x000004
.config_2007_BUILD/DEFAULT/PRODUCTION/P06G1.O       code   0x002007    program   0x000002



                              Program Memory Usage 
                               Start         End      
                           ---------   ---------      
                            0x000000    0x00002a      
                            0x002007    0x002007      
            44 out of 8454 program addresses used, program memory utilization is 0%



                              Symbols - Sorted by Name
                     Name    Address   Location    Storage File                     
                ---------  ---------  ---------  --------- ---------                
                    BUCLE   0x000018    program     static /home/piero/Repositorios/Propios/Assembler/P06G1.X/P06G1.asm
                    DELAY   0x00001d    program     static /home/piero/Repositorios/Propios/Assembler/P06G1.X/P06G1.asm
                   DELAY1   0x00001f    program     static /home/piero/Repositorios/Propios/Assembler/P06G1.X/P06G1.asm
                   DELAY2   0x000020    program     static /home/piero/Repositorios/Propios/Assembler/P06G1.X/P06G1.asm
                   INICIO   0x000006    program     static /home/piero/Repositorios/Propios/Assembler/P06G1.X/P06G1.asm
                    MAYOR   0x00001a    program     static /home/piero/Repositorios/Propios/Assembler/P06G1.X/P06G1.asm
                   VOLVER   0x000009    program     static /home/piero/Repositorios/Propios/Assembler/P06G1.X/P06G1.asm



                              Symbols - Sorted by Address
                     Name    Address   Location    Storage File                     
                ---------  ---------  ---------  --------- ---------                
                   INICIO   0x000006    program     static /home/piero/Repositorios/Propios/Assembler/P06G1.X/P06G1.asm
                   VOLVER   0x000009    program     static /home/piero/Repositorios/Propios/Assembler/P06G1.X/P06G1.asm
                    BUCLE   0x000018    program     static /home/piero/Repositorios/Propios/Assembler/P06G1.X/P06G1.asm
                    MAYOR   0x00001a    program     static /home/piero/Repositorios/Propios/Assembler/P06G1.X/P06G1.asm
                    DELAY   0x00001d    program     static /home/piero/Repositorios/Propios/Assembler/P06G1.X/P06G1.asm
                   DELAY1   0x00001f    program     static /home/piero/Repositorios/Propios/Assembler/P06G1.X/P06G1.asm
                   DELAY2   0x000020    program     static /home/piero/Repositorios/Propios/Assembler/P06G1.X/P06G1.asm


