MPLINK 5.08, LINKER
Linker Map File - Created Wed Sep 16 18:27:47 2015

                                 Section Info
                  Section       Type    Address   Location Size(Bytes)
                ---------  ---------  ---------  ---------  ---------
                   .org_0       code   0x000000    program   0x00002a
                   .cinit    romdata   0x000015    program   0x000004
.config_2007_BUILD/DEFAULT/PRODUCTION/P01B.O       code   0x002007    program   0x000002



                              Program Memory Usage 
                               Start         End      
                           ---------   ---------      
                            0x000000    0x000016      
                            0x002007    0x002007      
            24 out of 8454 program addresses used, program memory utilization is 0%



                              Symbols - Sorted by Name
                     Name    Address   Location    Storage File                     
                ---------  ---------  ---------  --------- ---------                
                    DELAY   0x000009    program     static /home/piero/Repositorios/Propios/Assembler/P01B.X/P01B.asm
                   DELAY1   0x00000b    program     static /home/piero/Repositorios/Propios/Assembler/P01B.X/P01B.asm
                   DELAY2   0x00000c    program     static /home/piero/Repositorios/Propios/Assembler/P01B.X/P01B.asm
                   VOLVER   0x000006    program     static /home/piero/Repositorios/Propios/Assembler/P01B.X/P01B.asm



                              Symbols - Sorted by Address
                     Name    Address   Location    Storage File                     
                ---------  ---------  ---------  --------- ---------                
                   VOLVER   0x000006    program     static /home/piero/Repositorios/Propios/Assembler/P01B.X/P01B.asm
                    DELAY   0x000009    program     static /home/piero/Repositorios/Propios/Assembler/P01B.X/P01B.asm
                   DELAY1   0x00000b    program     static /home/piero/Repositorios/Propios/Assembler/P01B.X/P01B.asm
                   DELAY2   0x00000c    program     static /home/piero/Repositorios/Propios/Assembler/P01B.X/P01B.asm


