MPLINK 5.08, LINKER
Linker Map File - Created Tue Sep 29 17:27:39 2015

                                 Section Info
                  Section       Type    Address   Location Size(Bytes)
                ---------  ---------  ---------  ---------  ---------
                   .org_0       code   0x000000    program   0x000002
                   .cinit    romdata   0x000001    program   0x000004
                   .org_1       code   0x000004    program   0x000062
.config_2007_BUILD/DEFAULT/PRODUCTION/INT2.O       code   0x002007    program   0x000002



                              Program Memory Usage 
                               Start         End      
                           ---------   ---------      
                            0x000000    0x000002      
                            0x000004    0x000034      
                            0x002007    0x002007      
            53 out of 8454 program addresses used, program memory utilization is 0%



                              Symbols - Sorted by Name
                     Name    Address   Location    Storage File                     
                ---------  ---------  ---------  --------- ---------                
                    DELAY   0x000018    program     static /home/piero/Repositorios/Propios/Assembler/INT2.X/INT2.asm
                   DELAY1   0x00001a    program     static /home/piero/Repositorios/Propios/Assembler/INT2.X/INT2.asm
                   DELAY2   0x00001b    program     static /home/piero/Repositorios/Propios/Assembler/INT2.X/INT2.asm
                   INICIO   0x000005    program     static /home/piero/Repositorios/Propios/Assembler/INT2.X/INT2.asm
                      INT   0x000012    program     static /home/piero/Repositorios/Propios/Assembler/INT2.X/INT2.asm
                     PRIN   0x000010    program     static /home/piero/Repositorios/Propios/Assembler/INT2.X/INT2.asm
                    TABLA   0x000024    program     static /home/piero/Repositorios/Propios/Assembler/INT2.X/INT2.asm



                              Symbols - Sorted by Address
                     Name    Address   Location    Storage File                     
                ---------  ---------  ---------  --------- ---------                
                   INICIO   0x000005    program     static /home/piero/Repositorios/Propios/Assembler/INT2.X/INT2.asm
                     PRIN   0x000010    program     static /home/piero/Repositorios/Propios/Assembler/INT2.X/INT2.asm
                      INT   0x000012    program     static /home/piero/Repositorios/Propios/Assembler/INT2.X/INT2.asm
                    DELAY   0x000018    program     static /home/piero/Repositorios/Propios/Assembler/INT2.X/INT2.asm
                   DELAY1   0x00001a    program     static /home/piero/Repositorios/Propios/Assembler/INT2.X/INT2.asm
                   DELAY2   0x00001b    program     static /home/piero/Repositorios/Propios/Assembler/INT2.X/INT2.asm
                    TABLA   0x000024    program     static /home/piero/Repositorios/Propios/Assembler/INT2.X/INT2.asm


