MPLINK 5.08, LINKER
Linker Map File - Created Fri Sep 25 19:43:41 2015

                                 Section Info
                  Section       Type    Address   Location Size(Bytes)
                ---------  ---------  ---------  ---------  ---------
                   .org_0       code   0x000000    program   0x00005c
                   .cinit    romdata   0x00002e    program   0x000004
.config_2007_BUILD/DEFAULT/PRODUCTION/P10A.O       code   0x002007    program   0x000002



                              Program Memory Usage 
                               Start         End      
                           ---------   ---------      
                            0x000000    0x00002f      
                            0x002007    0x002007      
            49 out of 8454 program addresses used, program memory utilization is 0%



                              Symbols - Sorted by Name
                     Name    Address   Location    Storage File                     
                ---------  ---------  ---------  --------- ---------                
                   APAGAR   0x00001f    program     static /home/piero/Repositorios/Propios/Assembler/P10A.X/P10A.asm
                    DELAY   0x000022    program     static /home/piero/Repositorios/Propios/Assembler/P10A.X/P10A.asm
                   DELAY1   0x000024    program     static /home/piero/Repositorios/Propios/Assembler/P10A.X/P10A.asm
                   DELAY2   0x000025    program     static /home/piero/Repositorios/Propios/Assembler/P10A.X/P10A.asm
                   INICIO   0x000006    program     static /home/piero/Repositorios/Propios/Assembler/P10A.X/P10A.asm
                    TABLA   0x000016    program     static /home/piero/Repositorios/Propios/Assembler/P10A.X/P10A.asm
                   VOLVER   0x000009    program     static /home/piero/Repositorios/Propios/Assembler/P10A.X/P10A.asm



                              Symbols - Sorted by Address
                     Name    Address   Location    Storage File                     
                ---------  ---------  ---------  --------- ---------                
                   INICIO   0x000006    program     static /home/piero/Repositorios/Propios/Assembler/P10A.X/P10A.asm
                   VOLVER   0x000009    program     static /home/piero/Repositorios/Propios/Assembler/P10A.X/P10A.asm
                    TABLA   0x000016    program     static /home/piero/Repositorios/Propios/Assembler/P10A.X/P10A.asm
                   APAGAR   0x00001f    program     static /home/piero/Repositorios/Propios/Assembler/P10A.X/P10A.asm
                    DELAY   0x000022    program     static /home/piero/Repositorios/Propios/Assembler/P10A.X/P10A.asm
                   DELAY1   0x000024    program     static /home/piero/Repositorios/Propios/Assembler/P10A.X/P10A.asm
                   DELAY2   0x000025    program     static /home/piero/Repositorios/Propios/Assembler/P10A.X/P10A.asm


