MPLINK 5.08, LINKER
Linker Map File - Created Fri Sep 25 18:48:56 2015

                                 Section Info
                  Section       Type    Address   Location Size(Bytes)
                ---------  ---------  ---------  ---------  ---------
                   .org_0       code   0x000000    program   0x000078
                   .cinit    romdata   0x00003c    program   0x000004
.config_2007_BUILD/DEFAULT/PRODUCTION/P07C.O       code   0x002007    program   0x000002



                              Program Memory Usage 
                               Start         End      
                           ---------   ---------      
                            0x000000    0x00003d      
                            0x002007    0x002007      
            63 out of 8454 program addresses used, program memory utilization is 0%



                              Symbols - Sorted by Name
                     Name    Address   Location    Storage File                     
                ---------  ---------  ---------  --------- ---------                
                     ANTI   0x00001e    program     static /home/piero/Repositorios/Propios/Assembler/P07C.X/P07C.asm
                    ANTI1   0x00001f    program     static /home/piero/Repositorios/Propios/Assembler/P07C.X/P07C.asm
                    ANTI2   0x000021    program     static /home/piero/Repositorios/Propios/Assembler/P07C.X/P07C.asm
                    ANTI3   0x000023    program     static /home/piero/Repositorios/Propios/Assembler/P07C.X/P07C.asm
                    ANTI4   0x000025    program     static /home/piero/Repositorios/Propios/Assembler/P07C.X/P07C.asm
                     COL1   0x00000c    program     static /home/piero/Repositorios/Propios/Assembler/P07C.X/P07C.asm
                     COL2   0x00000f    program     static /home/piero/Repositorios/Propios/Assembler/P07C.X/P07C.asm
                     COL3   0x000012    program     static /home/piero/Repositorios/Propios/Assembler/P07C.X/P07C.asm
                     COL4   0x000015    program     static /home/piero/Repositorios/Propios/Assembler/P07C.X/P07C.asm
                  INICIO1   0x000009    program     static /home/piero/Repositorios/Propios/Assembler/P07C.X/P07C.asm
                  INICIO2   0x00000b    program     static /home/piero/Repositorios/Propios/Assembler/P07C.X/P07C.asm
                    TABLA   0x00002b    program     static /home/piero/Repositorios/Propios/Assembler/P07C.X/P07C.asm



                              Symbols - Sorted by Address
                     Name    Address   Location    Storage File                     
                ---------  ---------  ---------  --------- ---------                
                  INICIO1   0x000009    program     static /home/piero/Repositorios/Propios/Assembler/P07C.X/P07C.asm
                  INICIO2   0x00000b    program     static /home/piero/Repositorios/Propios/Assembler/P07C.X/P07C.asm
                     COL1   0x00000c    program     static /home/piero/Repositorios/Propios/Assembler/P07C.X/P07C.asm
                     COL2   0x00000f    program     static /home/piero/Repositorios/Propios/Assembler/P07C.X/P07C.asm
                     COL3   0x000012    program     static /home/piero/Repositorios/Propios/Assembler/P07C.X/P07C.asm
                     COL4   0x000015    program     static /home/piero/Repositorios/Propios/Assembler/P07C.X/P07C.asm
                     ANTI   0x00001e    program     static /home/piero/Repositorios/Propios/Assembler/P07C.X/P07C.asm
                    ANTI1   0x00001f    program     static /home/piero/Repositorios/Propios/Assembler/P07C.X/P07C.asm
                    ANTI2   0x000021    program     static /home/piero/Repositorios/Propios/Assembler/P07C.X/P07C.asm
                    ANTI3   0x000023    program     static /home/piero/Repositorios/Propios/Assembler/P07C.X/P07C.asm
                    ANTI4   0x000025    program     static /home/piero/Repositorios/Propios/Assembler/P07C.X/P07C.asm
                    TABLA   0x00002b    program     static /home/piero/Repositorios/Propios/Assembler/P07C.X/P07C.asm


